   Compiling proc-macro2 v1.0.106
   Compiling unicode-ident v1.0.24
   Compiling quote v1.0.45
   Compiling syn v2.0.117
   Compiling cfg-if v1.0.4
   Compiling libc v0.2.185
   Compiling version_check v0.9.5
   Compiling parking_lot_core v0.9.12
   Compiling serde_core v1.0.228
   Compiling serde v1.0.228
   Compiling serde_derive v1.0.228
   Compiling zerocopy v0.8.48
   Compiling memchr v2.8.0
   Compiling zerocopy-derive v0.8.48
   Compiling crossbeam-utils v0.8.21
   Compiling autocfg v1.5.0
   Compiling typenum v1.19.0
   Compiling generic-array v0.14.7
   Compiling once_cell v1.21.4
   Compiling smallvec v1.15.1
   Compiling zmij v1.0.21
   Compiling libm v0.2.16
   Compiling aho-corasick v1.1.4
   Compiling num-traits v0.2.19
   Compiling regex-syntax v0.8.10
   Compiling scopeguard v1.2.0
   Compiling rustversion v1.0.22
   Compiling serde_json v1.0.149
   Compiling lock_api v0.4.14
   Compiling regex-automata v0.4.14
   Compiling crypto-common v0.1.7
   Compiling block-buffer v0.10.4
   Compiling hashbrown v0.17.0
   Compiling equivalent v1.0.2
   Compiling either v1.15.0
   Compiling siphasher v1.0.2
   Compiling itoa v1.0.18
   Compiling phf_shared v0.11.3
   Compiling indexmap v2.14.0
   Compiling digest v0.10.7
   Compiling parking_lot v0.12.5
   Compiling ahash v0.8.12
   Compiling precomputed-hash v0.1.1
   Compiling new_debug_unreachable v1.0.6
   Compiling same-file v1.0.6
   Compiling log v0.4.29
   Compiling term v1.2.1
   Compiling fixedbitset v0.5.7
   Compiling bit-vec v0.8.0
   Compiling keccak v0.1.6
   Compiling thiserror v2.0.18
   Compiling syn v1.0.109
   Compiling itertools v0.14.0
   Compiling sha3 v0.10.8
   Compiling bit-set v0.8.0
   Compiling petgraph v0.7.1
   Compiling ascii-canvas v4.0.0
   Compiling ena v0.14.4
   Compiling walkdir v2.5.0
   Compiling string_cache v0.8.9
   Compiling lalrpop-util v0.22.2
   Compiling regex v1.12.3
   Compiling thiserror-impl v2.0.18
   Compiling unicode-xid v0.2.6
   Compiling pico-args v0.5.0
   Compiling core_extensions v1.5.4
   Compiling lalrpop v0.22.2
   Compiling synstructure v0.13.2
   Compiling utf8parse v0.2.2
   Compiling tstr_proc_macros v0.2.2
   Compiling allocator-api2 v0.2.21
   Compiling paste v1.0.15
   Compiling core_extensions_proc_macros v1.5.4
   Compiling hashbrown v0.14.5
   Compiling tstr v0.2.4
   Compiling anstyle-parse v1.0.0
   Compiling serde-lite-derive v0.5.0 (https://github.com/furiosa-ai/serde-lite?rev=88136e4#88136e4d)
   Compiling as_derive_utils v0.11.0
   Compiling furiosa-mapping-macro v0.8.1 (/work/normal/furiosa-mapping-macro)
   Compiling abi_stable_shared v0.11.0
   Compiling anstyle v1.0.14
   Compiling typed-arena v2.0.2
   Compiling is_terminal_polyfill v1.70.2
   Compiling anstyle-query v1.1.5
   Compiling typewit v1.15.2
   Compiling colorchoice v1.0.5
   Compiling anstream v1.0.0
   Compiling const_panic v0.2.15
   Compiling abi_stable_derive v0.11.3
   Compiling serde-lite v0.5.0 (https://github.com/furiosa-ai/serde-lite?rev=88136e4#88136e4d)
   Compiling repr_offset v0.2.2
   Compiling dashmap v6.1.0
   Compiling crossbeam-channel v0.5.15
   Compiling crossbeam-epoch v0.9.18
   Compiling generational-arena v0.2.9
   Compiling libloading v0.7.4
   Compiling furiosa-opt-macro v0.8.1 (/work/normal/furiosa-opt-macro)
   Compiling getrandom v0.3.4
   Compiling rayon-core v1.13.0
   Compiling virtue v0.0.18
   Compiling bincode_derive v2.0.1
   Compiling abi_stable v0.11.3
   Compiling crossbeam-deque v0.8.6
   Compiling lasso v0.7.3
   Compiling tracing-core v0.1.36
   Compiling strsim v0.11.1
   Compiling unty v0.0.4
   Compiling clap_lex v1.1.0
   Compiling bitflags v2.11.0
   Compiling heck v0.5.0
   Compiling rustix v1.1.4
   Compiling pin-project-lite v0.2.17
   Compiling cfg_aliases v0.2.2
   Compiling nix v0.29.0
   Compiling clap_derive v4.6.1
   Compiling clap_builder v4.6.0
   Compiling bincode v2.0.1
   Compiling furiosa-mapping-types v0.8.1 (/work/normal/furiosa-mapping-types)
   Compiling half v2.7.1
   Compiling matrixmultiply v0.3.10
   Compiling errno v0.3.14
   Compiling shlex v2.0.1
   Compiling io-uring v0.6.4
   Compiling linux-raw-sys v0.12.1
   Compiling furiosa-mapping v0.8.1 (/work/normal/furiosa-mapping)
   Compiling find-msvc-tools v0.1.9
   Compiling cc v1.2.65
   Compiling signal-hook-registry v1.4.8
   Compiling rand_core v0.9.5
   Compiling rayon v1.12.0
   Compiling furiosa-opt-abi v0.8.1 (/work/normal/furiosa-opt-rt/abi)
   Compiling clap v4.6.1
   Compiling env_filter v1.0.1
   Compiling ppv-lite86 v0.2.21
   Compiling mio v1.2.0
   Compiling socket2 v0.6.3
   Compiling tracing-attributes v0.1.31
   Compiling tokio-macros v2.7.0
   Compiling bytemuck v1.25.2
   Compiling bytes v1.11.1
   Compiling rawpointer v0.2.1
   Compiling furiosa-opt-lower v0.8.1 (/work/normal/furiosa-opt-lower)
   Compiling jiff v0.2.23
   Compiling bitflags v1.3.2
   Compiling furiosa-opt-rt v0.8.1 (/work/normal/furiosa-opt-rt)
   Compiling env_logger v0.11.10
   Compiling tokio v1.51.1
   Compiling furiosa-opt-ipc v0.8.1 (/work/normal/furiosa-opt-rt/ipc)
   Compiling tracing v0.1.44
   Compiling rand_chacha v0.9.0
   Compiling dma-heap v0.4.1
   Compiling alloca v0.4.0
   Compiling furiosa-opt-lower-types v0.8.1 (/work/normal/furiosa-opt-lower-types)
   Compiling num-integer v0.1.46
   Compiling approx v0.4.0
   Compiling num-complex v0.4.6
   Compiling memmap2 v0.9.11
   Compiling plotters-backend v0.3.7
   Compiling ciborium-io v0.2.2
   Compiling ciborium-ll v0.2.2
   Compiling plotters-svg v0.3.7
   Compiling ndarray v0.15.6
   Compiling rand v0.9.4
   Compiling furiosa-opt-common-ir v0.8.1 (/work/normal/furiosa-opt-common-ir)
   Compiling safetensors v0.4.5
   Compiling itertools v0.13.0
   Compiling arrayvec v0.7.6
   Compiling bincode v1.3.3
   Compiling smart-default v0.7.1
   Compiling cast v0.3.0
   Compiling lazy_static v1.5.0
   Compiling sharded-slab v0.1.7
   Compiling criterion-plot v0.8.2
   Compiling furiosa-opt-std v0.8.1 (/work/normal/furiosa-opt-std)
   Compiling plotters v0.3.7
   Compiling ciborium v0.2.2
   Compiling tracing-log v0.2.0
   Compiling tracing-serde v0.2.0
   Compiling matchers v0.2.0
   Compiling tinytemplate v1.2.1
   Compiling page_size v0.6.0
   Compiling thread_local v1.1.10
   Compiling nu-ansi-term v0.50.3
   Compiling oorandom v11.1.5
   Compiling anes v0.1.6
   Compiling criterion v0.8.2
   Compiling tracing-subscriber v0.3.23
   Compiling furiosa-opt-examples v0.8.1 (/work/normal/furiosa-opt-examples)
    Finished `release` profile [optimized] target(s) in 14m 29s
  Executable tests/double_buffering_tests.rs (/work/target/release/deps/double_buffering_tests-83202bbc946b675f)
